F23 PROG8080 Section 01
Exercise 04
 
 - 8829569
 
Nov 25 2023 10:25PM
 
 
Question 1
 

(122 rows affected)
Number of rows in VendorCopyM
-------------------------------
122

(1 row affected)

 
Question 2
 

(14 rows affected)
Total Number of rows in InvoiceBalancesM
------------------------------------------
14

(1 row affected)

 
Question 3 
 

(1 row affected)
InvoiceID   VendorID    InvoiceNumber                                      InvoiceDate InvoiceTotal          PaymentTotal          CreditTotal           TermsID     InvoiceDueDate PaymentDate
----------- ----------- -------------------------------------------------- ----------- --------------------- --------------------- --------------------- ----------- -------------- -----------
118         86          4591178                                            2022-01-09  9345.60               0.00                  0.00                  1           2022-01-10     NULL

(1 row affected)

 
Question 4
 

(1 row affected)
InvoiceID   VendorID    InvoiceNumber                                      InvoiceDate InvoiceTotal          PaymentTotal          CreditTotal           TermsID     InvoiceDueDate PaymentDate
----------- ----------- -------------------------------------------------- ----------- --------------------- --------------------- --------------------- ----------- -------------- -----------
119         30          COSTCO345                                          2023-11-25  2800.00               0.00                  0.00                  1           2023-12-25     NULL

(1 row affected)

 
Question 5
 

(1 row affected)
InvoiceID   VendorID    InvoiceNumber                                      InvoiceDate InvoiceTotal          PaymentTotal          CreditTotal           TermsID     InvoiceDueDate PaymentDate
----------- ----------- -------------------------------------------------- ----------- --------------------- --------------------- --------------------- ----------- -------------- -----------
119         30          COSTCO345                                          2023-11-25  2800.00               0.00                  300.00                1           2023-12-25     NULL

(1 row affected)

Question 6

(5 rows affected)
InvoiceID   InvoiceNumber                                      VendorID    InvoiceTotal          CreditTotal
----------- -------------------------------------------------- ----------- --------------------- ---------------------
89          39104                                              72          85.31                 0.00
94          963253264                                          123         52.25                 0.00
98          31361833                                           83          579.42                0.00
99          263253268                                          123         59.97                 0.00
100         263253270                                          123         67.92                 0.00
101         263253273                                          123         30.75                 0.00
102         P-0608                                             110         20551.18              1290.00
105         9982771                                            106         503.20                0.00
110         134116                                             80          90.36                 0.00
112         0-2436                                             110         10976.06              90.00
113         547480102                                          37          224.00                0.00
115         ZXA-080                                            34          14092.59              90.00
116         ZXA-080                                            34          14092.59              90.00
117         ZXA-080                                            34          14092.59              90.00
118         4591178                                            86          9345.60               0.00
119         COSTCO345                                          30          2800.00               300.00

(16 rows affected)

Question 7

(1 row affected)
InvoiceID   VendorID    InvoiceNumber                                      InvoiceDate InvoiceTotal          PaymentTotal          CreditTotal           TermsID     InvoiceDueDate PaymentDate
----------- ----------- -------------------------------------------------- ----------- --------------------- --------------------- --------------------- ----------- -------------- -----------
89          72          39104                                              2020-01-10  85.31                 0.00                  0.00                  3           2020-02-09     NULL
94          123         963253264                                          2020-01-18  52.25                 0.00                  0.00                  3           2020-02-17     NULL
98          83          31361833                                           2020-01-21  579.42                0.00                  0.00                  2           2020-02-10     NULL
99          123         263253268                                          2020-01-21  59.97                 0.00                  0.00                  3           2020-02-20     NULL
100         123         263253270                                          2020-01-22  67.92                 0.00                  0.00                  3           2020-02-21     NULL
101         123         263253273                                          2020-01-22  30.75                 0.00                  0.00                  3           2020-02-21     NULL
102         110         P-0608                                             2020-01-23  20551.18              0.00                  1290.00               3           2020-02-22     NULL
105         106         9982771                                            2020-01-24  503.20                0.00                  0.00                  3           2020-02-23     NULL
110         80          134116                                             2020-01-28  90.36                 0.00                  0.00                  2           2020-02-17     NULL
112         110         0-2436                                             2020-01-31  10976.06              0.00                  90.00                 3           2020-02-29     NULL
113         37          547480102                                          2020-02-01  224.00                0.00                  0.00                  3           2020-02-29     NULL
115         34          ZXA-080                                            2020-03-01  14092.59              0.00                  90.00                 3           2020-03-31     NULL
116         34          ZXA-080                                            2020-03-01  14092.59              0.00                  90.00                 3           2020-03-31     NULL
117         34          ZXA-080                                            2020-03-01  14092.59              0.00                  90.00                 3           2020-03-31     NULL
119         30          COSTCO345                                          2023-11-25  2800.00               0.00                  300.00                1           2023-12-25     NULL

(15 rows affected)

 
Question 8
 
Total Count before Deleting
---------------------------
122

(1 row affected)

(113 rows affected)

Total Count after Deleting
--------------------------
9

(1 row affected)

 
Question 9 
 

(4 rows affected)
More invoices than expected. Deletions rolled back.
Number of FedEx invoices
------------------------
4

(1 row affected)

 
Question 10 
 
Number of Invoices
------------------
117

(1 row affected)

Number of InvoiceLineItems
--------------------------
124

(1 row affected)


(1 row affected)

(1 row affected)

(1 row affected)
Number of Invoices
------------------
118

(1 row affected)

Number of InvoiceLineItems
--------------------------
126

(1 row affected)


Completion time: 2023-11-25T22:25:43.1215244-05:00
